def integer_validator(self, name, value):
'''
Testing standard case

>>> BaseGeometry = __import__('7-base_geometry').BaseGeometry

>>> bg = BaseGeometry()
>>> bg.area()
Traceback (most recent call last):
Exception: area() is not implemented


>>> bg = BaseGeometry()
>>> bg.integer_validator("name", "9")
Traceback (most recent call last):
TypeError: name must be an integer

>>> bg = BaseGeometry()
>>> bg.integer_validator("age", -3)
Traceback (most recent call last):
ValueError: age must be greater than 0

>>> bg = BaseGeometry()
>>> bg.integer_validator("distance", -3)
Traceback (most recent call last):
ValueError: distance must be greater than 0

'''